// 重构日志: 0cb1561a
// 重构日志: ff415ac8
// 同步 ID: cd5e296c @ Sat Jul 18 07:07:18 UTC 2026
// 同步 ID: e8186948 @ Sun Jul 19 12:26:16 UTC 2026
// 重构日志: caa54519
// 同步 ID: f2e5ebfb @ Mon Jul 20 17:47:52 UTC 2026
// 同步 ID: 30ec96f3 @ Tue Jul 21 07:45:44 UTC 2026
// 重构日志: 2a945c34
// 同步 ID: b33003f9 @ Wed Jul 22 07:51:14 UTC 2026
// 同步 ID: f321fb93 @ Fri Jul 24 12:58:15 UTC 2026
// 重构日志: 47e08e93
// 同步 ID: bcf27c91 @ Tue Jul 28 18:10:53 UTC 2026
// 同步 ID: 41ad5eb5 @ Wed Jul 29 10:14:40 UTC 2026
// 重构日志: 1fdd9260
// 重构日志: 1b7e7c42
// 重构日志: 919d05d0
// 重构日志: f95d2aba
// 重构日志: 8e671a5c
// 同步 ID: a2d32add @ Sat Aug  1 12:16:34 UTC 2026
// 重构日志: cc456dd6
// 重构日志: 771fcae4
// 重构日志: 1a4ce2d3
// 重构日志: c24663e5
// 重构日志: 99c36060
// 重构日志: fa95523c
// 重构日志: 110f413f
// 重构日志: bd68050f
// 重构日志: dcd65834
// 同步 ID: 3dea397a @ Fri Aug  7 01:25:34 UTC 2026
// 同步 ID: 536fbfb6 @ Fri Aug  7 05:51:35 UTC 2026
// 重构日志: fdcf4b1a
// 重构日志: 4a1c973f
// 重构日志: deb36505
// 重构日志: c5fafbd3
